Creating test database for alias 'default' ('file:memorydb_default?mode=memory&cache=shared')...
D:\Git Repos\django_rest_api\venv\lib\site-packages\django\db\models\fields\__init__.py:1365: RuntimeWarning: DateTimeField JournalEntries.submitted received a naive datetime (2020-06-11 19:11:40.980804) while time zone support is active.
  warnings.warn("DateTimeField %s received a naive datetime (%s)"
test_create_an_entry (rest_api.tests.tests.AddEntryTest) ... ok
test_delete_an_entry (rest_api.tests.tests.DeleteEntryTest) ... ok
test_get_all_entries (rest_api.tests.tests.GetAllEntriesTest) ... ok
test_get_an_entry (rest_api.tests.tests.GetSingleEntryTest) ... ok
test_entry (rest_api.tests.tests.JournalEntriesModelTest) ... ok
test_update_an_entry (rest_api.tests.tests.UpdateEntryTest) ... ok

----------------------------------------------------------------------
Ran 6 tests in 0.615s

OK
Destroying test database for alias 'default' ('file:memorydb_default?mode=memory&cache=shared')...
Operations to perform:
  Synchronize unmigrated apps: messages, rest_framework, staticfiles
  Apply all migrations: admin, auth, contenttypes, rest_api, sessions
Synchronizing apps without migrations:
  Creating tables...
    Running deferred SQL...
Running migrations:
  Applying contenttypes.0001_initial... OK
  Applying auth.0001_initial... OK
  Applying admin.0001_initial... OK
  Applying admin.0002_logentry_remove_auto_add... OK
  Applying admin.0003_logentry_add_action_flag_choices... OK
  Applying contenttypes.0002_remove_content_type_name... OK
  Applying auth.0002_alter_permission_name_max_length... OK
  Applying auth.0003_alter_user_email_max_length... OK
  Applying auth.0004_alter_user_username_opts... OK
  Applying auth.0005_alter_user_last_login_null... OK
  Applying auth.0006_require_contenttypes_0002... OK
  Applying auth.0007_alter_validators_add_error_messages... OK
  Applying auth.0008_alter_user_username_max_length... OK
  Applying auth.0009_alter_user_last_name_max_length... OK
  Applying auth.0010_alter_group_name_max_length... OK
  Applying auth.0011_update_proxy_permissions... OK
  Applying rest_api.0001_initial... OK
  Applying rest_api.0002_auto_20200610_2026... OK
  Applying rest_api.0003_auto_20200611_1857... OK
  Applying sessions.0001_initial... OK
System check identified no issues (0 silenced).
{'version': 'v1', 'pk': 1}
{'version': 'v1', 'pk': 100}
